// Jest Snapshot v1, https://goo.gl/fbAQLP

exports[`Run some repmin test cases on mutable trees should handle a basic repmin 1`] = `
Array [
  "Pre-Tree",
]
`;

exports[`Run some repmin test cases on mutable trees should handle a basic repmin 2`] = `
Array [
  "Pre-Tree",
  "eval parent({\\"type\\":\\"fork\\",\\"left\\":{\\"type\\":\\"fork\\",\\"left\\":{\\"type\\":\\"leaf\\",\\"value\\":7},\\"right\\":{\\"type\\":\\"fork\\",\\"left\\":{\\"type\\":\\"fork\\",\\"left\\":{\\"type\\":\\"leaf\\",\\"value\\":5},\\"right\\":{\\"type\\":\\"leaf\\",\\"value\\":9}},\\"right\\":{\\"type\\":\\"leaf\\",\\"value\\":3}}},\\"right\\":{\\"type\\":\\"fork\\",\\"left\\":{\\"type\\":\\"leaf\\",\\"value\\":4},\\"right\\":{\\"type\\":\\"fork\\",\\"left\\":{\\"type\\":\\"leaf\\",\\"value\\":1},\\"right\\":{\\"type\\":\\"fork\\",\\"left\\":{\\"type\\":\\"leaf\\",\\"value\\":6},\\"right\\":{\\"type\\":\\"leaf\\",\\"value\\":8}}}}}) => undefined",
  "eval parent({\\"type\\":\\"fork\\",\\"left\\":{\\"type\\":\\"leaf\\",\\"value\\":7},\\"right\\":{\\"type\\":\\"fork\\",\\"left\\":{\\"type\\":\\"fork\\",\\"left\\":{\\"type\\":\\"leaf\\",\\"value\\":5},\\"right\\":{\\"type\\":\\"leaf\\",\\"value\\":9}},\\"right\\":{\\"type\\":\\"leaf\\",\\"value\\":3}}}) => {\\"type\\":\\"fork\\",\\"left\\":{\\"type\\":\\"fork\\",\\"left\\":{\\"type\\":\\"leaf\\",\\"value\\":7},\\"right\\":{\\"type\\":\\"fork\\",\\"left\\":{\\"type\\":\\"fork\\",\\"left\\":{\\"type\\":\\"leaf\\",\\"value\\":5},\\"right\\":{\\"type\\":\\"leaf\\",\\"value\\":9}},\\"right\\":{\\"type\\":\\"leaf\\",\\"value\\":3}}},\\"right\\":{\\"type\\":\\"fork\\",\\"left\\":{\\"type\\":\\"leaf\\",\\"value\\":4},\\"right\\":{\\"type\\":\\"fork\\",\\"left\\":{\\"type\\":\\"leaf\\",\\"value\\":1},\\"right\\":{\\"type\\":\\"fork\\",\\"left\\":{\\"type\\":\\"leaf\\",\\"value\\":6},\\"right\\":{\\"type\\":\\"leaf\\",\\"value\\":8}}}}}",
  "eval parent({\\"type\\":\\"leaf\\",\\"value\\":7}) => {\\"type\\":\\"fork\\",\\"left\\":{\\"type\\":\\"leaf\\",\\"value\\":7},\\"right\\":{\\"type\\":\\"fork\\",\\"left\\":{\\"type\\":\\"fork\\",\\"left\\":{\\"type\\":\\"leaf\\",\\"value\\":5},\\"right\\":{\\"type\\":\\"leaf\\",\\"value\\":9}},\\"right\\":{\\"type\\":\\"leaf\\",\\"value\\":3}}}",
  "eval parent({\\"type\\":\\"fork\\",\\"left\\":{\\"type\\":\\"fork\\",\\"left\\":{\\"type\\":\\"leaf\\",\\"value\\":5},\\"right\\":{\\"type\\":\\"leaf\\",\\"value\\":9}},\\"right\\":{\\"type\\":\\"leaf\\",\\"value\\":3}}) => {\\"type\\":\\"fork\\",\\"left\\":{\\"type\\":\\"leaf\\",\\"value\\":7},\\"right\\":{\\"type\\":\\"fork\\",\\"left\\":{\\"type\\":\\"fork\\",\\"left\\":{\\"type\\":\\"leaf\\",\\"value\\":5},\\"right\\":{\\"type\\":\\"leaf\\",\\"value\\":9}},\\"right\\":{\\"type\\":\\"leaf\\",\\"value\\":3}}}",
  "eval parent({\\"type\\":\\"fork\\",\\"left\\":{\\"type\\":\\"leaf\\",\\"value\\":5},\\"right\\":{\\"type\\":\\"leaf\\",\\"value\\":9}}) => {\\"type\\":\\"fork\\",\\"left\\":{\\"type\\":\\"fork\\",\\"left\\":{\\"type\\":\\"leaf\\",\\"value\\":5},\\"right\\":{\\"type\\":\\"leaf\\",\\"value\\":9}},\\"right\\":{\\"type\\":\\"leaf\\",\\"value\\":3}}",
  "eval parent({\\"type\\":\\"leaf\\",\\"value\\":5}) => {\\"type\\":\\"fork\\",\\"left\\":{\\"type\\":\\"leaf\\",\\"value\\":5},\\"right\\":{\\"type\\":\\"leaf\\",\\"value\\":9}}",
  "eval parent({\\"type\\":\\"leaf\\",\\"value\\":9}) => {\\"type\\":\\"fork\\",\\"left\\":{\\"type\\":\\"leaf\\",\\"value\\":5},\\"right\\":{\\"type\\":\\"leaf\\",\\"value\\":9}}",
  "eval parent({\\"type\\":\\"leaf\\",\\"value\\":3}) => {\\"type\\":\\"fork\\",\\"left\\":{\\"type\\":\\"fork\\",\\"left\\":{\\"type\\":\\"leaf\\",\\"value\\":5},\\"right\\":{\\"type\\":\\"leaf\\",\\"value\\":9}},\\"right\\":{\\"type\\":\\"leaf\\",\\"value\\":3}}",
  "eval parent({\\"type\\":\\"fork\\",\\"left\\":{\\"type\\":\\"leaf\\",\\"value\\":4},\\"right\\":{\\"type\\":\\"fork\\",\\"left\\":{\\"type\\":\\"leaf\\",\\"value\\":1},\\"right\\":{\\"type\\":\\"fork\\",\\"left\\":{\\"type\\":\\"leaf\\",\\"value\\":6},\\"right\\":{\\"type\\":\\"leaf\\",\\"value\\":8}}}}) => {\\"type\\":\\"fork\\",\\"left\\":{\\"type\\":\\"fork\\",\\"left\\":{\\"type\\":\\"leaf\\",\\"value\\":7},\\"right\\":{\\"type\\":\\"fork\\",\\"left\\":{\\"type\\":\\"fork\\",\\"left\\":{\\"type\\":\\"leaf\\",\\"value\\":5},\\"right\\":{\\"type\\":\\"leaf\\",\\"value\\":9}},\\"right\\":{\\"type\\":\\"leaf\\",\\"value\\":3}}},\\"right\\":{\\"type\\":\\"fork\\",\\"left\\":{\\"type\\":\\"leaf\\",\\"value\\":4},\\"right\\":{\\"type\\":\\"fork\\",\\"left\\":{\\"type\\":\\"leaf\\",\\"value\\":1},\\"right\\":{\\"type\\":\\"fork\\",\\"left\\":{\\"type\\":\\"leaf\\",\\"value\\":6},\\"right\\":{\\"type\\":\\"leaf\\",\\"value\\":8}}}}}",
  "eval parent({\\"type\\":\\"leaf\\",\\"value\\":4}) => {\\"type\\":\\"fork\\",\\"left\\":{\\"type\\":\\"leaf\\",\\"value\\":4},\\"right\\":{\\"type\\":\\"fork\\",\\"left\\":{\\"type\\":\\"leaf\\",\\"value\\":1},\\"right\\":{\\"type\\":\\"fork\\",\\"left\\":{\\"type\\":\\"leaf\\",\\"value\\":6},\\"right\\":{\\"type\\":\\"leaf\\",\\"value\\":8}}}}",
  "eval parent({\\"type\\":\\"fork\\",\\"left\\":{\\"type\\":\\"leaf\\",\\"value\\":1},\\"right\\":{\\"type\\":\\"fork\\",\\"left\\":{\\"type\\":\\"leaf\\",\\"value\\":6},\\"right\\":{\\"type\\":\\"leaf\\",\\"value\\":8}}}) => {\\"type\\":\\"fork\\",\\"left\\":{\\"type\\":\\"leaf\\",\\"value\\":4},\\"right\\":{\\"type\\":\\"fork\\",\\"left\\":{\\"type\\":\\"leaf\\",\\"value\\":1},\\"right\\":{\\"type\\":\\"fork\\",\\"left\\":{\\"type\\":\\"leaf\\",\\"value\\":6},\\"right\\":{\\"type\\":\\"leaf\\",\\"value\\":8}}}}",
  "eval parent({\\"type\\":\\"leaf\\",\\"value\\":1}) => {\\"type\\":\\"fork\\",\\"left\\":{\\"type\\":\\"leaf\\",\\"value\\":1},\\"right\\":{\\"type\\":\\"fork\\",\\"left\\":{\\"type\\":\\"leaf\\",\\"value\\":6},\\"right\\":{\\"type\\":\\"leaf\\",\\"value\\":8}}}",
  "eval parent({\\"type\\":\\"fork\\",\\"left\\":{\\"type\\":\\"leaf\\",\\"value\\":6},\\"right\\":{\\"type\\":\\"leaf\\",\\"value\\":8}}) => {\\"type\\":\\"fork\\",\\"left\\":{\\"type\\":\\"leaf\\",\\"value\\":1},\\"right\\":{\\"type\\":\\"fork\\",\\"left\\":{\\"type\\":\\"leaf\\",\\"value\\":6},\\"right\\":{\\"type\\":\\"leaf\\",\\"value\\":8}}}",
  "eval parent({\\"type\\":\\"leaf\\",\\"value\\":6}) => {\\"type\\":\\"fork\\",\\"left\\":{\\"type\\":\\"leaf\\",\\"value\\":6},\\"right\\":{\\"type\\":\\"leaf\\",\\"value\\":8}}",
  "eval parent({\\"type\\":\\"leaf\\",\\"value\\":8}) => {\\"type\\":\\"fork\\",\\"left\\":{\\"type\\":\\"leaf\\",\\"value\\":6},\\"right\\":{\\"type\\":\\"leaf\\",\\"value\\":8}}",
  "Post-Tree",
]
`;

exports[`Run some repmin test cases on mutable trees should handle a basic repmin 3`] = `
Array [
  "Pre-Tree",
  "eval parent({\\"type\\":\\"fork\\",\\"left\\":{\\"type\\":\\"fork\\",\\"left\\":{\\"type\\":\\"leaf\\",\\"value\\":7},\\"right\\":{\\"type\\":\\"fork\\",\\"left\\":{\\"type\\":\\"fork\\",\\"left\\":{\\"type\\":\\"leaf\\",\\"value\\":5},\\"right\\":{\\"type\\":\\"leaf\\",\\"value\\":9}},\\"right\\":{\\"type\\":\\"leaf\\",\\"value\\":3}}},\\"right\\":{\\"type\\":\\"fork\\",\\"left\\":{\\"type\\":\\"leaf\\",\\"value\\":4},\\"right\\":{\\"type\\":\\"fork\\",\\"left\\":{\\"type\\":\\"leaf\\",\\"value\\":1},\\"right\\":{\\"type\\":\\"fork\\",\\"left\\":{\\"type\\":\\"leaf\\",\\"value\\":6},\\"right\\":{\\"type\\":\\"leaf\\",\\"value\\":8}}}}}) => undefined",
  "eval parent({\\"type\\":\\"fork\\",\\"left\\":{\\"type\\":\\"leaf\\",\\"value\\":7},\\"right\\":{\\"type\\":\\"fork\\",\\"left\\":{\\"type\\":\\"fork\\",\\"left\\":{\\"type\\":\\"leaf\\",\\"value\\":5},\\"right\\":{\\"type\\":\\"leaf\\",\\"value\\":9}},\\"right\\":{\\"type\\":\\"leaf\\",\\"value\\":3}}}) => {\\"type\\":\\"fork\\",\\"left\\":{\\"type\\":\\"fork\\",\\"left\\":{\\"type\\":\\"leaf\\",\\"value\\":7},\\"right\\":{\\"type\\":\\"fork\\",\\"left\\":{\\"type\\":\\"fork\\",\\"left\\":{\\"type\\":\\"leaf\\",\\"value\\":5},\\"right\\":{\\"type\\":\\"leaf\\",\\"value\\":9}},\\"right\\":{\\"type\\":\\"leaf\\",\\"value\\":3}}},\\"right\\":{\\"type\\":\\"fork\\",\\"left\\":{\\"type\\":\\"leaf\\",\\"value\\":4},\\"right\\":{\\"type\\":\\"fork\\",\\"left\\":{\\"type\\":\\"leaf\\",\\"value\\":1},\\"right\\":{\\"type\\":\\"fork\\",\\"left\\":{\\"type\\":\\"leaf\\",\\"value\\":6},\\"right\\":{\\"type\\":\\"leaf\\",\\"value\\":8}}}}}",
  "eval parent({\\"type\\":\\"leaf\\",\\"value\\":7}) => {\\"type\\":\\"fork\\",\\"left\\":{\\"type\\":\\"leaf\\",\\"value\\":7},\\"right\\":{\\"type\\":\\"fork\\",\\"left\\":{\\"type\\":\\"fork\\",\\"left\\":{\\"type\\":\\"leaf\\",\\"value\\":5},\\"right\\":{\\"type\\":\\"leaf\\",\\"value\\":9}},\\"right\\":{\\"type\\":\\"leaf\\",\\"value\\":3}}}",
  "eval parent({\\"type\\":\\"fork\\",\\"left\\":{\\"type\\":\\"fork\\",\\"left\\":{\\"type\\":\\"leaf\\",\\"value\\":5},\\"right\\":{\\"type\\":\\"leaf\\",\\"value\\":9}},\\"right\\":{\\"type\\":\\"leaf\\",\\"value\\":3}}) => {\\"type\\":\\"fork\\",\\"left\\":{\\"type\\":\\"leaf\\",\\"value\\":7},\\"right\\":{\\"type\\":\\"fork\\",\\"left\\":{\\"type\\":\\"fork\\",\\"left\\":{\\"type\\":\\"leaf\\",\\"value\\":5},\\"right\\":{\\"type\\":\\"leaf\\",\\"value\\":9}},\\"right\\":{\\"type\\":\\"leaf\\",\\"value\\":3}}}",
  "eval parent({\\"type\\":\\"fork\\",\\"left\\":{\\"type\\":\\"leaf\\",\\"value\\":5},\\"right\\":{\\"type\\":\\"leaf\\",\\"value\\":9}}) => {\\"type\\":\\"fork\\",\\"left\\":{\\"type\\":\\"fork\\",\\"left\\":{\\"type\\":\\"leaf\\",\\"value\\":5},\\"right\\":{\\"type\\":\\"leaf\\",\\"value\\":9}},\\"right\\":{\\"type\\":\\"leaf\\",\\"value\\":3}}",
  "eval parent({\\"type\\":\\"leaf\\",\\"value\\":5}) => {\\"type\\":\\"fork\\",\\"left\\":{\\"type\\":\\"leaf\\",\\"value\\":5},\\"right\\":{\\"type\\":\\"leaf\\",\\"value\\":9}}",
  "eval parent({\\"type\\":\\"leaf\\",\\"value\\":9}) => {\\"type\\":\\"fork\\",\\"left\\":{\\"type\\":\\"leaf\\",\\"value\\":5},\\"right\\":{\\"type\\":\\"leaf\\",\\"value\\":9}}",
  "eval parent({\\"type\\":\\"leaf\\",\\"value\\":3}) => {\\"type\\":\\"fork\\",\\"left\\":{\\"type\\":\\"fork\\",\\"left\\":{\\"type\\":\\"leaf\\",\\"value\\":5},\\"right\\":{\\"type\\":\\"leaf\\",\\"value\\":9}},\\"right\\":{\\"type\\":\\"leaf\\",\\"value\\":3}}",
  "eval parent({\\"type\\":\\"fork\\",\\"left\\":{\\"type\\":\\"leaf\\",\\"value\\":4},\\"right\\":{\\"type\\":\\"fork\\",\\"left\\":{\\"type\\":\\"leaf\\",\\"value\\":1},\\"right\\":{\\"type\\":\\"fork\\",\\"left\\":{\\"type\\":\\"leaf\\",\\"value\\":6},\\"right\\":{\\"type\\":\\"leaf\\",\\"value\\":8}}}}) => {\\"type\\":\\"fork\\",\\"left\\":{\\"type\\":\\"fork\\",\\"left\\":{\\"type\\":\\"leaf\\",\\"value\\":7},\\"right\\":{\\"type\\":\\"fork\\",\\"left\\":{\\"type\\":\\"fork\\",\\"left\\":{\\"type\\":\\"leaf\\",\\"value\\":5},\\"right\\":{\\"type\\":\\"leaf\\",\\"value\\":9}},\\"right\\":{\\"type\\":\\"leaf\\",\\"value\\":3}}},\\"right\\":{\\"type\\":\\"fork\\",\\"left\\":{\\"type\\":\\"leaf\\",\\"value\\":4},\\"right\\":{\\"type\\":\\"fork\\",\\"left\\":{\\"type\\":\\"leaf\\",\\"value\\":1},\\"right\\":{\\"type\\":\\"fork\\",\\"left\\":{\\"type\\":\\"leaf\\",\\"value\\":6},\\"right\\":{\\"type\\":\\"leaf\\",\\"value\\":8}}}}}",
  "eval parent({\\"type\\":\\"leaf\\",\\"value\\":4}) => {\\"type\\":\\"fork\\",\\"left\\":{\\"type\\":\\"leaf\\",\\"value\\":4},\\"right\\":{\\"type\\":\\"fork\\",\\"left\\":{\\"type\\":\\"leaf\\",\\"value\\":1},\\"right\\":{\\"type\\":\\"fork\\",\\"left\\":{\\"type\\":\\"leaf\\",\\"value\\":6},\\"right\\":{\\"type\\":\\"leaf\\",\\"value\\":8}}}}",
  "eval parent({\\"type\\":\\"fork\\",\\"left\\":{\\"type\\":\\"leaf\\",\\"value\\":1},\\"right\\":{\\"type\\":\\"fork\\",\\"left\\":{\\"type\\":\\"leaf\\",\\"value\\":6},\\"right\\":{\\"type\\":\\"leaf\\",\\"value\\":8}}}) => {\\"type\\":\\"fork\\",\\"left\\":{\\"type\\":\\"leaf\\",\\"value\\":4},\\"right\\":{\\"type\\":\\"fork\\",\\"left\\":{\\"type\\":\\"leaf\\",\\"value\\":1},\\"right\\":{\\"type\\":\\"fork\\",\\"left\\":{\\"type\\":\\"leaf\\",\\"value\\":6},\\"right\\":{\\"type\\":\\"leaf\\",\\"value\\":8}}}}",
  "eval parent({\\"type\\":\\"leaf\\",\\"value\\":1}) => {\\"type\\":\\"fork\\",\\"left\\":{\\"type\\":\\"leaf\\",\\"value\\":1},\\"right\\":{\\"type\\":\\"fork\\",\\"left\\":{\\"type\\":\\"leaf\\",\\"value\\":6},\\"right\\":{\\"type\\":\\"leaf\\",\\"value\\":8}}}",
  "eval parent({\\"type\\":\\"fork\\",\\"left\\":{\\"type\\":\\"leaf\\",\\"value\\":6},\\"right\\":{\\"type\\":\\"leaf\\",\\"value\\":8}}) => {\\"type\\":\\"fork\\",\\"left\\":{\\"type\\":\\"leaf\\",\\"value\\":1},\\"right\\":{\\"type\\":\\"fork\\",\\"left\\":{\\"type\\":\\"leaf\\",\\"value\\":6},\\"right\\":{\\"type\\":\\"leaf\\",\\"value\\":8}}}",
  "eval parent({\\"type\\":\\"leaf\\",\\"value\\":6}) => {\\"type\\":\\"fork\\",\\"left\\":{\\"type\\":\\"leaf\\",\\"value\\":6},\\"right\\":{\\"type\\":\\"leaf\\",\\"value\\":8}}",
  "eval parent({\\"type\\":\\"leaf\\",\\"value\\":8}) => {\\"type\\":\\"fork\\",\\"left\\":{\\"type\\":\\"leaf\\",\\"value\\":6},\\"right\\":{\\"type\\":\\"leaf\\",\\"value\\":8}}",
  "Post-Tree",
  "Post-Attach",
]
`;

exports[`Run some repmin test cases on mutable trees should handle a basic repmin 4`] = `
Array [
  "Pre-Tree",
  "eval parent({\\"type\\":\\"fork\\",\\"left\\":{\\"type\\":\\"fork\\",\\"left\\":{\\"type\\":\\"leaf\\",\\"value\\":7},\\"right\\":{\\"type\\":\\"fork\\",\\"left\\":{\\"type\\":\\"fork\\",\\"left\\":{\\"type\\":\\"leaf\\",\\"value\\":5},\\"right\\":{\\"type\\":\\"leaf\\",\\"value\\":9}},\\"right\\":{\\"type\\":\\"leaf\\",\\"value\\":3}}},\\"right\\":{\\"type\\":\\"fork\\",\\"left\\":{\\"type\\":\\"leaf\\",\\"value\\":4},\\"right\\":{\\"type\\":\\"fork\\",\\"left\\":{\\"type\\":\\"leaf\\",\\"value\\":1},\\"right\\":{\\"type\\":\\"fork\\",\\"left\\":{\\"type\\":\\"leaf\\",\\"value\\":6},\\"right\\":{\\"type\\":\\"leaf\\",\\"value\\":8}}}}}) => undefined",
  "eval parent({\\"type\\":\\"fork\\",\\"left\\":{\\"type\\":\\"leaf\\",\\"value\\":7},\\"right\\":{\\"type\\":\\"fork\\",\\"left\\":{\\"type\\":\\"fork\\",\\"left\\":{\\"type\\":\\"leaf\\",\\"value\\":5},\\"right\\":{\\"type\\":\\"leaf\\",\\"value\\":9}},\\"right\\":{\\"type\\":\\"leaf\\",\\"value\\":3}}}) => {\\"type\\":\\"fork\\",\\"left\\":{\\"type\\":\\"fork\\",\\"left\\":{\\"type\\":\\"leaf\\",\\"value\\":7},\\"right\\":{\\"type\\":\\"fork\\",\\"left\\":{\\"type\\":\\"fork\\",\\"left\\":{\\"type\\":\\"leaf\\",\\"value\\":5},\\"right\\":{\\"type\\":\\"leaf\\",\\"value\\":9}},\\"right\\":{\\"type\\":\\"leaf\\",\\"value\\":3}}},\\"right\\":{\\"type\\":\\"fork\\",\\"left\\":{\\"type\\":\\"leaf\\",\\"value\\":4},\\"right\\":{\\"type\\":\\"fork\\",\\"left\\":{\\"type\\":\\"leaf\\",\\"value\\":1},\\"right\\":{\\"type\\":\\"fork\\",\\"left\\":{\\"type\\":\\"leaf\\",\\"value\\":6},\\"right\\":{\\"type\\":\\"leaf\\",\\"value\\":8}}}}}",
  "eval parent({\\"type\\":\\"leaf\\",\\"value\\":7}) => {\\"type\\":\\"fork\\",\\"left\\":{\\"type\\":\\"leaf\\",\\"value\\":7},\\"right\\":{\\"type\\":\\"fork\\",\\"left\\":{\\"type\\":\\"fork\\",\\"left\\":{\\"type\\":\\"leaf\\",\\"value\\":5},\\"right\\":{\\"type\\":\\"leaf\\",\\"value\\":9}},\\"right\\":{\\"type\\":\\"leaf\\",\\"value\\":3}}}",
  "eval parent({\\"type\\":\\"fork\\",\\"left\\":{\\"type\\":\\"fork\\",\\"left\\":{\\"type\\":\\"leaf\\",\\"value\\":5},\\"right\\":{\\"type\\":\\"leaf\\",\\"value\\":9}},\\"right\\":{\\"type\\":\\"leaf\\",\\"value\\":3}}) => {\\"type\\":\\"fork\\",\\"left\\":{\\"type\\":\\"leaf\\",\\"value\\":7},\\"right\\":{\\"type\\":\\"fork\\",\\"left\\":{\\"type\\":\\"fork\\",\\"left\\":{\\"type\\":\\"leaf\\",\\"value\\":5},\\"right\\":{\\"type\\":\\"leaf\\",\\"value\\":9}},\\"right\\":{\\"type\\":\\"leaf\\",\\"value\\":3}}}",
  "eval parent({\\"type\\":\\"fork\\",\\"left\\":{\\"type\\":\\"leaf\\",\\"value\\":5},\\"right\\":{\\"type\\":\\"leaf\\",\\"value\\":9}}) => {\\"type\\":\\"fork\\",\\"left\\":{\\"type\\":\\"fork\\",\\"left\\":{\\"type\\":\\"leaf\\",\\"value\\":5},\\"right\\":{\\"type\\":\\"leaf\\",\\"value\\":9}},\\"right\\":{\\"type\\":\\"leaf\\",\\"value\\":3}}",
  "eval parent({\\"type\\":\\"leaf\\",\\"value\\":5}) => {\\"type\\":\\"fork\\",\\"left\\":{\\"type\\":\\"leaf\\",\\"value\\":5},\\"right\\":{\\"type\\":\\"leaf\\",\\"value\\":9}}",
  "eval parent({\\"type\\":\\"leaf\\",\\"value\\":9}) => {\\"type\\":\\"fork\\",\\"left\\":{\\"type\\":\\"leaf\\",\\"value\\":5},\\"right\\":{\\"type\\":\\"leaf\\",\\"value\\":9}}",
  "eval parent({\\"type\\":\\"leaf\\",\\"value\\":3}) => {\\"type\\":\\"fork\\",\\"left\\":{\\"type\\":\\"fork\\",\\"left\\":{\\"type\\":\\"leaf\\",\\"value\\":5},\\"right\\":{\\"type\\":\\"leaf\\",\\"value\\":9}},\\"right\\":{\\"type\\":\\"leaf\\",\\"value\\":3}}",
  "eval parent({\\"type\\":\\"fork\\",\\"left\\":{\\"type\\":\\"leaf\\",\\"value\\":4},\\"right\\":{\\"type\\":\\"fork\\",\\"left\\":{\\"type\\":\\"leaf\\",\\"value\\":1},\\"right\\":{\\"type\\":\\"fork\\",\\"left\\":{\\"type\\":\\"leaf\\",\\"value\\":6},\\"right\\":{\\"type\\":\\"leaf\\",\\"value\\":8}}}}) => {\\"type\\":\\"fork\\",\\"left\\":{\\"type\\":\\"fork\\",\\"left\\":{\\"type\\":\\"leaf\\",\\"value\\":7},\\"right\\":{\\"type\\":\\"fork\\",\\"left\\":{\\"type\\":\\"fork\\",\\"left\\":{\\"type\\":\\"leaf\\",\\"value\\":5},\\"right\\":{\\"type\\":\\"leaf\\",\\"value\\":9}},\\"right\\":{\\"type\\":\\"leaf\\",\\"value\\":3}}},\\"right\\":{\\"type\\":\\"fork\\",\\"left\\":{\\"type\\":\\"leaf\\",\\"value\\":4},\\"right\\":{\\"type\\":\\"fork\\",\\"left\\":{\\"type\\":\\"leaf\\",\\"value\\":1},\\"right\\":{\\"type\\":\\"fork\\",\\"left\\":{\\"type\\":\\"leaf\\",\\"value\\":6},\\"right\\":{\\"type\\":\\"leaf\\",\\"value\\":8}}}}}",
  "eval parent({\\"type\\":\\"leaf\\",\\"value\\":4}) => {\\"type\\":\\"fork\\",\\"left\\":{\\"type\\":\\"leaf\\",\\"value\\":4},\\"right\\":{\\"type\\":\\"fork\\",\\"left\\":{\\"type\\":\\"leaf\\",\\"value\\":1},\\"right\\":{\\"type\\":\\"fork\\",\\"left\\":{\\"type\\":\\"leaf\\",\\"value\\":6},\\"right\\":{\\"type\\":\\"leaf\\",\\"value\\":8}}}}",
  "eval parent({\\"type\\":\\"fork\\",\\"left\\":{\\"type\\":\\"leaf\\",\\"value\\":1},\\"right\\":{\\"type\\":\\"fork\\",\\"left\\":{\\"type\\":\\"leaf\\",\\"value\\":6},\\"right\\":{\\"type\\":\\"leaf\\",\\"value\\":8}}}) => {\\"type\\":\\"fork\\",\\"left\\":{\\"type\\":\\"leaf\\",\\"value\\":4},\\"right\\":{\\"type\\":\\"fork\\",\\"left\\":{\\"type\\":\\"leaf\\",\\"value\\":1},\\"right\\":{\\"type\\":\\"fork\\",\\"left\\":{\\"type\\":\\"leaf\\",\\"value\\":6},\\"right\\":{\\"type\\":\\"leaf\\",\\"value\\":8}}}}",
  "eval parent({\\"type\\":\\"leaf\\",\\"value\\":1}) => {\\"type\\":\\"fork\\",\\"left\\":{\\"type\\":\\"leaf\\",\\"value\\":1},\\"right\\":{\\"type\\":\\"fork\\",\\"left\\":{\\"type\\":\\"leaf\\",\\"value\\":6},\\"right\\":{\\"type\\":\\"leaf\\",\\"value\\":8}}}",
  "eval parent({\\"type\\":\\"fork\\",\\"left\\":{\\"type\\":\\"leaf\\",\\"value\\":6},\\"right\\":{\\"type\\":\\"leaf\\",\\"value\\":8}}) => {\\"type\\":\\"fork\\",\\"left\\":{\\"type\\":\\"leaf\\",\\"value\\":1},\\"right\\":{\\"type\\":\\"fork\\",\\"left\\":{\\"type\\":\\"leaf\\",\\"value\\":6},\\"right\\":{\\"type\\":\\"leaf\\",\\"value\\":8}}}",
  "eval parent({\\"type\\":\\"leaf\\",\\"value\\":6}) => {\\"type\\":\\"fork\\",\\"left\\":{\\"type\\":\\"leaf\\",\\"value\\":6},\\"right\\":{\\"type\\":\\"leaf\\",\\"value\\":8}}",
  "eval parent({\\"type\\":\\"leaf\\",\\"value\\":8}) => {\\"type\\":\\"fork\\",\\"left\\":{\\"type\\":\\"leaf\\",\\"value\\":6},\\"right\\":{\\"type\\":\\"leaf\\",\\"value\\":8}}",
  "Post-Tree",
  "min({\\"type\\":\\"leaf\\",\\"value\\":7}) => 7",
  "min({\\"type\\":\\"leaf\\",\\"value\\":5}) => 5",
  "min({\\"type\\":\\"leaf\\",\\"value\\":9}) => 9",
  "min({\\"type\\":\\"fork\\",\\"left\\":{\\"type\\":\\"leaf\\",\\"value\\":5},\\"right\\":{\\"type\\":\\"leaf\\",\\"value\\":9}}) => 5",
  "min({\\"type\\":\\"leaf\\",\\"value\\":3}) => 3",
  "min({\\"type\\":\\"fork\\",\\"left\\":{\\"type\\":\\"fork\\",\\"left\\":{\\"type\\":\\"leaf\\",\\"value\\":5},\\"right\\":{\\"type\\":\\"leaf\\",\\"value\\":9}},\\"right\\":{\\"type\\":\\"leaf\\",\\"value\\":3}}) => 3",
  "min({\\"type\\":\\"fork\\",\\"left\\":{\\"type\\":\\"leaf\\",\\"value\\":7},\\"right\\":{\\"type\\":\\"fork\\",\\"left\\":{\\"type\\":\\"fork\\",\\"left\\":{\\"type\\":\\"leaf\\",\\"value\\":5},\\"right\\":{\\"type\\":\\"leaf\\",\\"value\\":9}},\\"right\\":{\\"type\\":\\"leaf\\",\\"value\\":3}}}) => 3",
  "min({\\"type\\":\\"leaf\\",\\"value\\":4}) => 4",
  "min({\\"type\\":\\"leaf\\",\\"value\\":1}) => 1",
  "min({\\"type\\":\\"leaf\\",\\"value\\":6}) => 6",
  "min({\\"type\\":\\"leaf\\",\\"value\\":8}) => 8",
  "min({\\"type\\":\\"fork\\",\\"left\\":{\\"type\\":\\"leaf\\",\\"value\\":6},\\"right\\":{\\"type\\":\\"leaf\\",\\"value\\":8}}) => 6",
  "min({\\"type\\":\\"fork\\",\\"left\\":{\\"type\\":\\"leaf\\",\\"value\\":1},\\"right\\":{\\"type\\":\\"fork\\",\\"left\\":{\\"type\\":\\"leaf\\",\\"value\\":6},\\"right\\":{\\"type\\":\\"leaf\\",\\"value\\":8}}}) => 1",
  "min({\\"type\\":\\"fork\\",\\"left\\":{\\"type\\":\\"leaf\\",\\"value\\":4},\\"right\\":{\\"type\\":\\"fork\\",\\"left\\":{\\"type\\":\\"leaf\\",\\"value\\":1},\\"right\\":{\\"type\\":\\"fork\\",\\"left\\":{\\"type\\":\\"leaf\\",\\"value\\":6},\\"right\\":{\\"type\\":\\"leaf\\",\\"value\\":8}}}}) => 1",
  "min({\\"type\\":\\"fork\\",\\"left\\":{\\"type\\":\\"fork\\",\\"left\\":{\\"type\\":\\"leaf\\",\\"value\\":7},\\"right\\":{\\"type\\":\\"fork\\",\\"left\\":{\\"type\\":\\"fork\\",\\"left\\":{\\"type\\":\\"leaf\\",\\"value\\":5},\\"right\\":{\\"type\\":\\"leaf\\",\\"value\\":9}},\\"right\\":{\\"type\\":\\"leaf\\",\\"value\\":3}}},\\"right\\":{\\"type\\":\\"fork\\",\\"left\\":{\\"type\\":\\"leaf\\",\\"value\\":4},\\"right\\":{\\"type\\":\\"fork\\",\\"left\\":{\\"type\\":\\"leaf\\",\\"value\\":1},\\"right\\":{\\"type\\":\\"fork\\",\\"left\\":{\\"type\\":\\"leaf\\",\\"value\\":6},\\"right\\":{\\"type\\":\\"leaf\\",\\"value\\":8}}}}}) => 1",
  "global min({\\"type\\":\\"fork\\",\\"left\\":{\\"type\\":\\"fork\\",\\"left\\":{\\"type\\":\\"leaf\\",\\"value\\":7},\\"right\\":{\\"type\\":\\"fork\\",\\"left\\":{\\"type\\":\\"fork\\",\\"left\\":{\\"type\\":\\"leaf\\",\\"value\\":5},\\"right\\":{\\"type\\":\\"leaf\\",\\"value\\":9}},\\"right\\":{\\"type\\":\\"leaf\\",\\"value\\":3}}},\\"right\\":{\\"type\\":\\"fork\\",\\"left\\":{\\"type\\":\\"leaf\\",\\"value\\":4},\\"right\\":{\\"type\\":\\"fork\\",\\"left\\":{\\"type\\":\\"leaf\\",\\"value\\":1},\\"right\\":{\\"type\\":\\"fork\\",\\"left\\":{\\"type\\":\\"leaf\\",\\"value\\":6},\\"right\\":{\\"type\\":\\"leaf\\",\\"value\\":8}}}}}) => 1",
  "min({\\"type\\":\\"leaf\\",\\"value\\":7}) => 7",
  "min({\\"type\\":\\"leaf\\",\\"value\\":5}) => 5",
  "min({\\"type\\":\\"leaf\\",\\"value\\":9}) => 9",
  "min({\\"type\\":\\"fork\\",\\"left\\":{\\"type\\":\\"leaf\\",\\"value\\":5},\\"right\\":{\\"type\\":\\"leaf\\",\\"value\\":9}}) => 5",
  "min({\\"type\\":\\"leaf\\",\\"value\\":3}) => 3",
  "min({\\"type\\":\\"fork\\",\\"left\\":{\\"type\\":\\"fork\\",\\"left\\":{\\"type\\":\\"leaf\\",\\"value\\":5},\\"right\\":{\\"type\\":\\"leaf\\",\\"value\\":9}},\\"right\\":{\\"type\\":\\"leaf\\",\\"value\\":3}}) => 3",
  "min({\\"type\\":\\"fork\\",\\"left\\":{\\"type\\":\\"leaf\\",\\"value\\":7},\\"right\\":{\\"type\\":\\"fork\\",\\"left\\":{\\"type\\":\\"fork\\",\\"left\\":{\\"type\\":\\"leaf\\",\\"value\\":5},\\"right\\":{\\"type\\":\\"leaf\\",\\"value\\":9}},\\"right\\":{\\"type\\":\\"leaf\\",\\"value\\":3}}}) => 3",
  "global min({\\"type\\":\\"fork\\",\\"left\\":{\\"type\\":\\"leaf\\",\\"value\\":7},\\"right\\":{\\"type\\":\\"fork\\",\\"left\\":{\\"type\\":\\"fork\\",\\"left\\":{\\"type\\":\\"leaf\\",\\"value\\":5},\\"right\\":{\\"type\\":\\"leaf\\",\\"value\\":9}},\\"right\\":{\\"type\\":\\"leaf\\",\\"value\\":3}}}) => 1",
  "min({\\"type\\":\\"leaf\\",\\"value\\":7}) => 7",
  "global min({\\"type\\":\\"leaf\\",\\"value\\":7}) => 1",
  "min({\\"type\\":\\"leaf\\",\\"value\\":5}) => 5",
  "min({\\"type\\":\\"leaf\\",\\"value\\":9}) => 9",
  "min({\\"type\\":\\"fork\\",\\"left\\":{\\"type\\":\\"leaf\\",\\"value\\":5},\\"right\\":{\\"type\\":\\"leaf\\",\\"value\\":9}}) => 5",
  "min({\\"type\\":\\"leaf\\",\\"value\\":3}) => 3",
  "min({\\"type\\":\\"fork\\",\\"left\\":{\\"type\\":\\"fork\\",\\"left\\":{\\"type\\":\\"leaf\\",\\"value\\":5},\\"right\\":{\\"type\\":\\"leaf\\",\\"value\\":9}},\\"right\\":{\\"type\\":\\"leaf\\",\\"value\\":3}}) => 3",
  "global min({\\"type\\":\\"fork\\",\\"left\\":{\\"type\\":\\"fork\\",\\"left\\":{\\"type\\":\\"leaf\\",\\"value\\":5},\\"right\\":{\\"type\\":\\"leaf\\",\\"value\\":9}},\\"right\\":{\\"type\\":\\"leaf\\",\\"value\\":3}}) => 1",
  "min({\\"type\\":\\"leaf\\",\\"value\\":5}) => 5",
  "min({\\"type\\":\\"leaf\\",\\"value\\":9}) => 9",
  "min({\\"type\\":\\"fork\\",\\"left\\":{\\"type\\":\\"leaf\\",\\"value\\":5},\\"right\\":{\\"type\\":\\"leaf\\",\\"value\\":9}}) => 5",
  "global min({\\"type\\":\\"fork\\",\\"left\\":{\\"type\\":\\"leaf\\",\\"value\\":5},\\"right\\":{\\"type\\":\\"leaf\\",\\"value\\":9}}) => 1",
  "min({\\"type\\":\\"leaf\\",\\"value\\":5}) => 5",
  "global min({\\"type\\":\\"leaf\\",\\"value\\":5}) => 1",
  "min({\\"type\\":\\"leaf\\",\\"value\\":9}) => 9",
  "global min({\\"type\\":\\"leaf\\",\\"value\\":9}) => 1",
  "min({\\"type\\":\\"leaf\\",\\"value\\":3}) => 3",
  "global min({\\"type\\":\\"leaf\\",\\"value\\":3}) => 1",
  "min({\\"type\\":\\"leaf\\",\\"value\\":4}) => 4",
  "min({\\"type\\":\\"leaf\\",\\"value\\":1}) => 1",
  "min({\\"type\\":\\"leaf\\",\\"value\\":6}) => 6",
  "min({\\"type\\":\\"leaf\\",\\"value\\":8}) => 8",
  "min({\\"type\\":\\"fork\\",\\"left\\":{\\"type\\":\\"leaf\\",\\"value\\":6},\\"right\\":{\\"type\\":\\"leaf\\",\\"value\\":8}}) => 6",
  "min({\\"type\\":\\"fork\\",\\"left\\":{\\"type\\":\\"leaf\\",\\"value\\":1},\\"right\\":{\\"type\\":\\"fork\\",\\"left\\":{\\"type\\":\\"leaf\\",\\"value\\":6},\\"right\\":{\\"type\\":\\"leaf\\",\\"value\\":8}}}) => 1",
  "min({\\"type\\":\\"fork\\",\\"left\\":{\\"type\\":\\"leaf\\",\\"value\\":4},\\"right\\":{\\"type\\":\\"fork\\",\\"left\\":{\\"type\\":\\"leaf\\",\\"value\\":1},\\"right\\":{\\"type\\":\\"fork\\",\\"left\\":{\\"type\\":\\"leaf\\",\\"value\\":6},\\"right\\":{\\"type\\":\\"leaf\\",\\"value\\":8}}}}) => 1",
  "global min({\\"type\\":\\"fork\\",\\"left\\":{\\"type\\":\\"leaf\\",\\"value\\":4},\\"right\\":{\\"type\\":\\"fork\\",\\"left\\":{\\"type\\":\\"leaf\\",\\"value\\":1},\\"right\\":{\\"type\\":\\"fork\\",\\"left\\":{\\"type\\":\\"leaf\\",\\"value\\":6},\\"right\\":{\\"type\\":\\"leaf\\",\\"value\\":8}}}}) => 1",
  "min({\\"type\\":\\"leaf\\",\\"value\\":4}) => 4",
  "global min({\\"type\\":\\"leaf\\",\\"value\\":4}) => 1",
  "min({\\"type\\":\\"leaf\\",\\"value\\":1}) => 1",
  "min({\\"type\\":\\"leaf\\",\\"value\\":6}) => 6",
  "min({\\"type\\":\\"leaf\\",\\"value\\":8}) => 8",
  "min({\\"type\\":\\"fork\\",\\"left\\":{\\"type\\":\\"leaf\\",\\"value\\":6},\\"right\\":{\\"type\\":\\"leaf\\",\\"value\\":8}}) => 6",
  "min({\\"type\\":\\"fork\\",\\"left\\":{\\"type\\":\\"leaf\\",\\"value\\":1},\\"right\\":{\\"type\\":\\"fork\\",\\"left\\":{\\"type\\":\\"leaf\\",\\"value\\":6},\\"right\\":{\\"type\\":\\"leaf\\",\\"value\\":8}}}) => 1",
  "global min({\\"type\\":\\"fork\\",\\"left\\":{\\"type\\":\\"leaf\\",\\"value\\":1},\\"right\\":{\\"type\\":\\"fork\\",\\"left\\":{\\"type\\":\\"leaf\\",\\"value\\":6},\\"right\\":{\\"type\\":\\"leaf\\",\\"value\\":8}}}) => 1",
  "min({\\"type\\":\\"leaf\\",\\"value\\":1}) => 1",
  "global min({\\"type\\":\\"leaf\\",\\"value\\":1}) => 1",
  "min({\\"type\\":\\"leaf\\",\\"value\\":6}) => 6",
  "min({\\"type\\":\\"leaf\\",\\"value\\":8}) => 8",
  "min({\\"type\\":\\"fork\\",\\"left\\":{\\"type\\":\\"leaf\\",\\"value\\":6},\\"right\\":{\\"type\\":\\"leaf\\",\\"value\\":8}}) => 6",
  "global min({\\"type\\":\\"fork\\",\\"left\\":{\\"type\\":\\"leaf\\",\\"value\\":6},\\"right\\":{\\"type\\":\\"leaf\\",\\"value\\":8}}) => 1",
  "min({\\"type\\":\\"leaf\\",\\"value\\":6}) => 6",
  "global min({\\"type\\":\\"leaf\\",\\"value\\":6}) => 1",
  "min({\\"type\\":\\"leaf\\",\\"value\\":8}) => 8",
  "global min({\\"type\\":\\"leaf\\",\\"value\\":8}) => 1",
  "path({\\"type\\":\\"fork\\",\\"left\\":{\\"type\\":\\"fork\\",\\"left\\":{\\"type\\":\\"leaf\\",\\"value\\":7},\\"right\\":{\\"type\\":\\"fork\\",\\"left\\":{\\"type\\":\\"fork\\",\\"left\\":{\\"type\\":\\"leaf\\",\\"value\\":5},\\"right\\":{\\"type\\":\\"leaf\\",\\"value\\":9}},\\"right\\":{\\"type\\":\\"leaf\\",\\"value\\":3}}},\\"right\\":{\\"type\\":\\"fork\\",\\"left\\":{\\"type\\":\\"leaf\\",\\"value\\":4},\\"right\\":{\\"type\\":\\"fork\\",\\"left\\":{\\"type\\":\\"leaf\\",\\"value\\":1},\\"right\\":{\\"type\\":\\"fork\\",\\"left\\":{\\"type\\":\\"leaf\\",\\"value\\":6},\\"right\\":{\\"type\\":\\"leaf\\",\\"value\\":8}}}}}) => \\"root\\"",
  "path({\\"type\\":\\"fork\\",\\"left\\":{\\"type\\":\\"leaf\\",\\"value\\":7},\\"right\\":{\\"type\\":\\"fork\\",\\"left\\":{\\"type\\":\\"fork\\",\\"left\\":{\\"type\\":\\"leaf\\",\\"value\\":5},\\"right\\":{\\"type\\":\\"leaf\\",\\"value\\":9}},\\"right\\":{\\"type\\":\\"leaf\\",\\"value\\":3}}}) => \\"root/left\\"",
  "path({\\"type\\":\\"leaf\\",\\"value\\":7}) => \\"root/left/left\\"",
  "path({\\"type\\":\\"fork\\",\\"left\\":{\\"type\\":\\"fork\\",\\"left\\":{\\"type\\":\\"leaf\\",\\"value\\":5},\\"right\\":{\\"type\\":\\"leaf\\",\\"value\\":9}},\\"right\\":{\\"type\\":\\"leaf\\",\\"value\\":3}}) => \\"root/left/right\\"",
  "path({\\"type\\":\\"fork\\",\\"left\\":{\\"type\\":\\"leaf\\",\\"value\\":5},\\"right\\":{\\"type\\":\\"leaf\\",\\"value\\":9}}) => \\"root/left/right/left\\"",
  "path({\\"type\\":\\"leaf\\",\\"value\\":5}) => \\"root/left/right/left/left\\"",
  "path({\\"type\\":\\"leaf\\",\\"value\\":9}) => \\"root/left/right/left/right\\"",
  "path({\\"type\\":\\"leaf\\",\\"value\\":3}) => \\"root/left/right/right\\"",
  "path({\\"type\\":\\"fork\\",\\"left\\":{\\"type\\":\\"leaf\\",\\"value\\":4},\\"right\\":{\\"type\\":\\"fork\\",\\"left\\":{\\"type\\":\\"leaf\\",\\"value\\":1},\\"right\\":{\\"type\\":\\"fork\\",\\"left\\":{\\"type\\":\\"leaf\\",\\"value\\":6},\\"right\\":{\\"type\\":\\"leaf\\",\\"value\\":8}}}}) => \\"root/right\\"",
  "path({\\"type\\":\\"leaf\\",\\"value\\":4}) => \\"root/right/left\\"",
  "path({\\"type\\":\\"fork\\",\\"left\\":{\\"type\\":\\"leaf\\",\\"value\\":1},\\"right\\":{\\"type\\":\\"fork\\",\\"left\\":{\\"type\\":\\"leaf\\",\\"value\\":6},\\"right\\":{\\"type\\":\\"leaf\\",\\"value\\":8}}}) => \\"root/right/right\\"",
  "path({\\"type\\":\\"leaf\\",\\"value\\":1}) => \\"root/right/right/left\\"",
  "path({\\"type\\":\\"fork\\",\\"left\\":{\\"type\\":\\"leaf\\",\\"value\\":6},\\"right\\":{\\"type\\":\\"leaf\\",\\"value\\":8}}) => \\"root/right/right/right\\"",
  "path({\\"type\\":\\"leaf\\",\\"value\\":6}) => \\"root/right/right/right/left\\"",
  "path({\\"type\\":\\"leaf\\",\\"value\\":8}) => \\"root/right/right/right/right\\"",
  "Post-Attach",
  "Root Globmin",
]
`;

exports[`Run some repmin test cases on mutable trees should handle a basic repmin 5`] = `
Array [
  "Pre-Tree",
  "eval parent({\\"type\\":\\"fork\\",\\"left\\":{\\"type\\":\\"fork\\",\\"left\\":{\\"type\\":\\"leaf\\",\\"value\\":7},\\"right\\":{\\"type\\":\\"fork\\",\\"left\\":{\\"type\\":\\"fork\\",\\"left\\":{\\"type\\":\\"leaf\\",\\"value\\":5},\\"right\\":{\\"type\\":\\"leaf\\",\\"value\\":9}},\\"right\\":{\\"type\\":\\"leaf\\",\\"value\\":3}}},\\"right\\":{\\"type\\":\\"fork\\",\\"left\\":{\\"type\\":\\"leaf\\",\\"value\\":4},\\"right\\":{\\"type\\":\\"fork\\",\\"left\\":{\\"type\\":\\"leaf\\",\\"value\\":1},\\"right\\":{\\"type\\":\\"fork\\",\\"left\\":{\\"type\\":\\"leaf\\",\\"value\\":6},\\"right\\":{\\"type\\":\\"leaf\\",\\"value\\":8}}}}}) => undefined",
  "eval parent({\\"type\\":\\"fork\\",\\"left\\":{\\"type\\":\\"leaf\\",\\"value\\":7},\\"right\\":{\\"type\\":\\"fork\\",\\"left\\":{\\"type\\":\\"fork\\",\\"left\\":{\\"type\\":\\"leaf\\",\\"value\\":5},\\"right\\":{\\"type\\":\\"leaf\\",\\"value\\":9}},\\"right\\":{\\"type\\":\\"leaf\\",\\"value\\":3}}}) => {\\"type\\":\\"fork\\",\\"left\\":{\\"type\\":\\"fork\\",\\"left\\":{\\"type\\":\\"leaf\\",\\"value\\":7},\\"right\\":{\\"type\\":\\"fork\\",\\"left\\":{\\"type\\":\\"fork\\",\\"left\\":{\\"type\\":\\"leaf\\",\\"value\\":5},\\"right\\":{\\"type\\":\\"leaf\\",\\"value\\":9}},\\"right\\":{\\"type\\":\\"leaf\\",\\"value\\":3}}},\\"right\\":{\\"type\\":\\"fork\\",\\"left\\":{\\"type\\":\\"leaf\\",\\"value\\":4},\\"right\\":{\\"type\\":\\"fork\\",\\"left\\":{\\"type\\":\\"leaf\\",\\"value\\":1},\\"right\\":{\\"type\\":\\"fork\\",\\"left\\":{\\"type\\":\\"leaf\\",\\"value\\":6},\\"right\\":{\\"type\\":\\"leaf\\",\\"value\\":8}}}}}",
  "eval parent({\\"type\\":\\"leaf\\",\\"value\\":7}) => {\\"type\\":\\"fork\\",\\"left\\":{\\"type\\":\\"leaf\\",\\"value\\":7},\\"right\\":{\\"type\\":\\"fork\\",\\"left\\":{\\"type\\":\\"fork\\",\\"left\\":{\\"type\\":\\"leaf\\",\\"value\\":5},\\"right\\":{\\"type\\":\\"leaf\\",\\"value\\":9}},\\"right\\":{\\"type\\":\\"leaf\\",\\"value\\":3}}}",
  "eval parent({\\"type\\":\\"fork\\",\\"left\\":{\\"type\\":\\"fork\\",\\"left\\":{\\"type\\":\\"leaf\\",\\"value\\":5},\\"right\\":{\\"type\\":\\"leaf\\",\\"value\\":9}},\\"right\\":{\\"type\\":\\"leaf\\",\\"value\\":3}}) => {\\"type\\":\\"fork\\",\\"left\\":{\\"type\\":\\"leaf\\",\\"value\\":7},\\"right\\":{\\"type\\":\\"fork\\",\\"left\\":{\\"type\\":\\"fork\\",\\"left\\":{\\"type\\":\\"leaf\\",\\"value\\":5},\\"right\\":{\\"type\\":\\"leaf\\",\\"value\\":9}},\\"right\\":{\\"type\\":\\"leaf\\",\\"value\\":3}}}",
  "eval parent({\\"type\\":\\"fork\\",\\"left\\":{\\"type\\":\\"leaf\\",\\"value\\":5},\\"right\\":{\\"type\\":\\"leaf\\",\\"value\\":9}}) => {\\"type\\":\\"fork\\",\\"left\\":{\\"type\\":\\"fork\\",\\"left\\":{\\"type\\":\\"leaf\\",\\"value\\":5},\\"right\\":{\\"type\\":\\"leaf\\",\\"value\\":9}},\\"right\\":{\\"type\\":\\"leaf\\",\\"value\\":3}}",
  "eval parent({\\"type\\":\\"leaf\\",\\"value\\":5}) => {\\"type\\":\\"fork\\",\\"left\\":{\\"type\\":\\"leaf\\",\\"value\\":5},\\"right\\":{\\"type\\":\\"leaf\\",\\"value\\":9}}",
  "eval parent({\\"type\\":\\"leaf\\",\\"value\\":9}) => {\\"type\\":\\"fork\\",\\"left\\":{\\"type\\":\\"leaf\\",\\"value\\":5},\\"right\\":{\\"type\\":\\"leaf\\",\\"value\\":9}}",
  "eval parent({\\"type\\":\\"leaf\\",\\"value\\":3}) => {\\"type\\":\\"fork\\",\\"left\\":{\\"type\\":\\"fork\\",\\"left\\":{\\"type\\":\\"leaf\\",\\"value\\":5},\\"right\\":{\\"type\\":\\"leaf\\",\\"value\\":9}},\\"right\\":{\\"type\\":\\"leaf\\",\\"value\\":3}}",
  "eval parent({\\"type\\":\\"fork\\",\\"left\\":{\\"type\\":\\"leaf\\",\\"value\\":4},\\"right\\":{\\"type\\":\\"fork\\",\\"left\\":{\\"type\\":\\"leaf\\",\\"value\\":1},\\"right\\":{\\"type\\":\\"fork\\",\\"left\\":{\\"type\\":\\"leaf\\",\\"value\\":6},\\"right\\":{\\"type\\":\\"leaf\\",\\"value\\":8}}}}) => {\\"type\\":\\"fork\\",\\"left\\":{\\"type\\":\\"fork\\",\\"left\\":{\\"type\\":\\"leaf\\",\\"value\\":7},\\"right\\":{\\"type\\":\\"fork\\",\\"left\\":{\\"type\\":\\"fork\\",\\"left\\":{\\"type\\":\\"leaf\\",\\"value\\":5},\\"right\\":{\\"type\\":\\"leaf\\",\\"value\\":9}},\\"right\\":{\\"type\\":\\"leaf\\",\\"value\\":3}}},\\"right\\":{\\"type\\":\\"fork\\",\\"left\\":{\\"type\\":\\"leaf\\",\\"value\\":4},\\"right\\":{\\"type\\":\\"fork\\",\\"left\\":{\\"type\\":\\"leaf\\",\\"value\\":1},\\"right\\":{\\"type\\":\\"fork\\",\\"left\\":{\\"type\\":\\"leaf\\",\\"value\\":6},\\"right\\":{\\"type\\":\\"leaf\\",\\"value\\":8}}}}}",
  "eval parent({\\"type\\":\\"leaf\\",\\"value\\":4}) => {\\"type\\":\\"fork\\",\\"left\\":{\\"type\\":\\"leaf\\",\\"value\\":4},\\"right\\":{\\"type\\":\\"fork\\",\\"left\\":{\\"type\\":\\"leaf\\",\\"value\\":1},\\"right\\":{\\"type\\":\\"fork\\",\\"left\\":{\\"type\\":\\"leaf\\",\\"value\\":6},\\"right\\":{\\"type\\":\\"leaf\\",\\"value\\":8}}}}",
  "eval parent({\\"type\\":\\"fork\\",\\"left\\":{\\"type\\":\\"leaf\\",\\"value\\":1},\\"right\\":{\\"type\\":\\"fork\\",\\"left\\":{\\"type\\":\\"leaf\\",\\"value\\":6},\\"right\\":{\\"type\\":\\"leaf\\",\\"value\\":8}}}) => {\\"type\\":\\"fork\\",\\"left\\":{\\"type\\":\\"leaf\\",\\"value\\":4},\\"right\\":{\\"type\\":\\"fork\\",\\"left\\":{\\"type\\":\\"leaf\\",\\"value\\":1},\\"right\\":{\\"type\\":\\"fork\\",\\"left\\":{\\"type\\":\\"leaf\\",\\"value\\":6},\\"right\\":{\\"type\\":\\"leaf\\",\\"value\\":8}}}}",
  "eval parent({\\"type\\":\\"leaf\\",\\"value\\":1}) => {\\"type\\":\\"fork\\",\\"left\\":{\\"type\\":\\"leaf\\",\\"value\\":1},\\"right\\":{\\"type\\":\\"fork\\",\\"left\\":{\\"type\\":\\"leaf\\",\\"value\\":6},\\"right\\":{\\"type\\":\\"leaf\\",\\"value\\":8}}}",
  "eval parent({\\"type\\":\\"fork\\",\\"left\\":{\\"type\\":\\"leaf\\",\\"value\\":6},\\"right\\":{\\"type\\":\\"leaf\\",\\"value\\":8}}) => {\\"type\\":\\"fork\\",\\"left\\":{\\"type\\":\\"leaf\\",\\"value\\":1},\\"right\\":{\\"type\\":\\"fork\\",\\"left\\":{\\"type\\":\\"leaf\\",\\"value\\":6},\\"right\\":{\\"type\\":\\"leaf\\",\\"value\\":8}}}",
  "eval parent({\\"type\\":\\"leaf\\",\\"value\\":6}) => {\\"type\\":\\"fork\\",\\"left\\":{\\"type\\":\\"leaf\\",\\"value\\":6},\\"right\\":{\\"type\\":\\"leaf\\",\\"value\\":8}}",
  "eval parent({\\"type\\":\\"leaf\\",\\"value\\":8}) => {\\"type\\":\\"fork\\",\\"left\\":{\\"type\\":\\"leaf\\",\\"value\\":6},\\"right\\":{\\"type\\":\\"leaf\\",\\"value\\":8}}",
  "Post-Tree",
  "min({\\"type\\":\\"leaf\\",\\"value\\":7}) => 7",
  "min({\\"type\\":\\"leaf\\",\\"value\\":5}) => 5",
  "min({\\"type\\":\\"leaf\\",\\"value\\":9}) => 9",
  "min({\\"type\\":\\"fork\\",\\"left\\":{\\"type\\":\\"leaf\\",\\"value\\":5},\\"right\\":{\\"type\\":\\"leaf\\",\\"value\\":9}}) => 5",
  "min({\\"type\\":\\"leaf\\",\\"value\\":3}) => 3",
  "min({\\"type\\":\\"fork\\",\\"left\\":{\\"type\\":\\"fork\\",\\"left\\":{\\"type\\":\\"leaf\\",\\"value\\":5},\\"right\\":{\\"type\\":\\"leaf\\",\\"value\\":9}},\\"right\\":{\\"type\\":\\"leaf\\",\\"value\\":3}}) => 3",
  "min({\\"type\\":\\"fork\\",\\"left\\":{\\"type\\":\\"leaf\\",\\"value\\":7},\\"right\\":{\\"type\\":\\"fork\\",\\"left\\":{\\"type\\":\\"fork\\",\\"left\\":{\\"type\\":\\"leaf\\",\\"value\\":5},\\"right\\":{\\"type\\":\\"leaf\\",\\"value\\":9}},\\"right\\":{\\"type\\":\\"leaf\\",\\"value\\":3}}}) => 3",
  "min({\\"type\\":\\"leaf\\",\\"value\\":4}) => 4",
  "min({\\"type\\":\\"leaf\\",\\"value\\":1}) => 1",
  "min({\\"type\\":\\"leaf\\",\\"value\\":6}) => 6",
  "min({\\"type\\":\\"leaf\\",\\"value\\":8}) => 8",
  "min({\\"type\\":\\"fork\\",\\"left\\":{\\"type\\":\\"leaf\\",\\"value\\":6},\\"right\\":{\\"type\\":\\"leaf\\",\\"value\\":8}}) => 6",
  "min({\\"type\\":\\"fork\\",\\"left\\":{\\"type\\":\\"leaf\\",\\"value\\":1},\\"right\\":{\\"type\\":\\"fork\\",\\"left\\":{\\"type\\":\\"leaf\\",\\"value\\":6},\\"right\\":{\\"type\\":\\"leaf\\",\\"value\\":8}}}) => 1",
  "min({\\"type\\":\\"fork\\",\\"left\\":{\\"type\\":\\"leaf\\",\\"value\\":4},\\"right\\":{\\"type\\":\\"fork\\",\\"left\\":{\\"type\\":\\"leaf\\",\\"value\\":1},\\"right\\":{\\"type\\":\\"fork\\",\\"left\\":{\\"type\\":\\"leaf\\",\\"value\\":6},\\"right\\":{\\"type\\":\\"leaf\\",\\"value\\":8}}}}) => 1",
  "min({\\"type\\":\\"fork\\",\\"left\\":{\\"type\\":\\"fork\\",\\"left\\":{\\"type\\":\\"leaf\\",\\"value\\":7},\\"right\\":{\\"type\\":\\"fork\\",\\"left\\":{\\"type\\":\\"fork\\",\\"left\\":{\\"type\\":\\"leaf\\",\\"value\\":5},\\"right\\":{\\"type\\":\\"leaf\\",\\"value\\":9}},\\"right\\":{\\"type\\":\\"leaf\\",\\"value\\":3}}},\\"right\\":{\\"type\\":\\"fork\\",\\"left\\":{\\"type\\":\\"leaf\\",\\"value\\":4},\\"right\\":{\\"type\\":\\"fork\\",\\"left\\":{\\"type\\":\\"leaf\\",\\"value\\":1},\\"right\\":{\\"type\\":\\"fork\\",\\"left\\":{\\"type\\":\\"leaf\\",\\"value\\":6},\\"right\\":{\\"type\\":\\"leaf\\",\\"value\\":8}}}}}) => 1",
  "global min({\\"type\\":\\"fork\\",\\"left\\":{\\"type\\":\\"fork\\",\\"left\\":{\\"type\\":\\"leaf\\",\\"value\\":7},\\"right\\":{\\"type\\":\\"fork\\",\\"left\\":{\\"type\\":\\"fork\\",\\"left\\":{\\"type\\":\\"leaf\\",\\"value\\":5},\\"right\\":{\\"type\\":\\"leaf\\",\\"value\\":9}},\\"right\\":{\\"type\\":\\"leaf\\",\\"value\\":3}}},\\"right\\":{\\"type\\":\\"fork\\",\\"left\\":{\\"type\\":\\"leaf\\",\\"value\\":4},\\"right\\":{\\"type\\":\\"fork\\",\\"left\\":{\\"type\\":\\"leaf\\",\\"value\\":1},\\"right\\":{\\"type\\":\\"fork\\",\\"left\\":{\\"type\\":\\"leaf\\",\\"value\\":6},\\"right\\":{\\"type\\":\\"leaf\\",\\"value\\":8}}}}}) => 1",
  "min({\\"type\\":\\"leaf\\",\\"value\\":7}) => 7",
  "min({\\"type\\":\\"leaf\\",\\"value\\":5}) => 5",
  "min({\\"type\\":\\"leaf\\",\\"value\\":9}) => 9",
  "min({\\"type\\":\\"fork\\",\\"left\\":{\\"type\\":\\"leaf\\",\\"value\\":5},\\"right\\":{\\"type\\":\\"leaf\\",\\"value\\":9}}) => 5",
  "min({\\"type\\":\\"leaf\\",\\"value\\":3}) => 3",
  "min({\\"type\\":\\"fork\\",\\"left\\":{\\"type\\":\\"fork\\",\\"left\\":{\\"type\\":\\"leaf\\",\\"value\\":5},\\"right\\":{\\"type\\":\\"leaf\\",\\"value\\":9}},\\"right\\":{\\"type\\":\\"leaf\\",\\"value\\":3}}) => 3",
  "min({\\"type\\":\\"fork\\",\\"left\\":{\\"type\\":\\"leaf\\",\\"value\\":7},\\"right\\":{\\"type\\":\\"fork\\",\\"left\\":{\\"type\\":\\"fork\\",\\"left\\":{\\"type\\":\\"leaf\\",\\"value\\":5},\\"right\\":{\\"type\\":\\"leaf\\",\\"value\\":9}},\\"right\\":{\\"type\\":\\"leaf\\",\\"value\\":3}}}) => 3",
  "global min({\\"type\\":\\"fork\\",\\"left\\":{\\"type\\":\\"leaf\\",\\"value\\":7},\\"right\\":{\\"type\\":\\"fork\\",\\"left\\":{\\"type\\":\\"fork\\",\\"left\\":{\\"type\\":\\"leaf\\",\\"value\\":5},\\"right\\":{\\"type\\":\\"leaf\\",\\"value\\":9}},\\"right\\":{\\"type\\":\\"leaf\\",\\"value\\":3}}}) => 1",
  "min({\\"type\\":\\"leaf\\",\\"value\\":7}) => 7",
  "global min({\\"type\\":\\"leaf\\",\\"value\\":7}) => 1",
  "min({\\"type\\":\\"leaf\\",\\"value\\":5}) => 5",
  "min({\\"type\\":\\"leaf\\",\\"value\\":9}) => 9",
  "min({\\"type\\":\\"fork\\",\\"left\\":{\\"type\\":\\"leaf\\",\\"value\\":5},\\"right\\":{\\"type\\":\\"leaf\\",\\"value\\":9}}) => 5",
  "min({\\"type\\":\\"leaf\\",\\"value\\":3}) => 3",
  "min({\\"type\\":\\"fork\\",\\"left\\":{\\"type\\":\\"fork\\",\\"left\\":{\\"type\\":\\"leaf\\",\\"value\\":5},\\"right\\":{\\"type\\":\\"leaf\\",\\"value\\":9}},\\"right\\":{\\"type\\":\\"leaf\\",\\"value\\":3}}) => 3",
  "global min({\\"type\\":\\"fork\\",\\"left\\":{\\"type\\":\\"fork\\",\\"left\\":{\\"type\\":\\"leaf\\",\\"value\\":5},\\"right\\":{\\"type\\":\\"leaf\\",\\"value\\":9}},\\"right\\":{\\"type\\":\\"leaf\\",\\"value\\":3}}) => 1",
  "min({\\"type\\":\\"leaf\\",\\"value\\":5}) => 5",
  "min({\\"type\\":\\"leaf\\",\\"value\\":9}) => 9",
  "min({\\"type\\":\\"fork\\",\\"left\\":{\\"type\\":\\"leaf\\",\\"value\\":5},\\"right\\":{\\"type\\":\\"leaf\\",\\"value\\":9}}) => 5",
  "global min({\\"type\\":\\"fork\\",\\"left\\":{\\"type\\":\\"leaf\\",\\"value\\":5},\\"right\\":{\\"type\\":\\"leaf\\",\\"value\\":9}}) => 1",
  "min({\\"type\\":\\"leaf\\",\\"value\\":5}) => 5",
  "global min({\\"type\\":\\"leaf\\",\\"value\\":5}) => 1",
  "min({\\"type\\":\\"leaf\\",\\"value\\":9}) => 9",
  "global min({\\"type\\":\\"leaf\\",\\"value\\":9}) => 1",
  "min({\\"type\\":\\"leaf\\",\\"value\\":3}) => 3",
  "global min({\\"type\\":\\"leaf\\",\\"value\\":3}) => 1",
  "min({\\"type\\":\\"leaf\\",\\"value\\":4}) => 4",
  "min({\\"type\\":\\"leaf\\",\\"value\\":1}) => 1",
  "min({\\"type\\":\\"leaf\\",\\"value\\":6}) => 6",
  "min({\\"type\\":\\"leaf\\",\\"value\\":8}) => 8",
  "min({\\"type\\":\\"fork\\",\\"left\\":{\\"type\\":\\"leaf\\",\\"value\\":6},\\"right\\":{\\"type\\":\\"leaf\\",\\"value\\":8}}) => 6",
  "min({\\"type\\":\\"fork\\",\\"left\\":{\\"type\\":\\"leaf\\",\\"value\\":1},\\"right\\":{\\"type\\":\\"fork\\",\\"left\\":{\\"type\\":\\"leaf\\",\\"value\\":6},\\"right\\":{\\"type\\":\\"leaf\\",\\"value\\":8}}}) => 1",
  "min({\\"type\\":\\"fork\\",\\"left\\":{\\"type\\":\\"leaf\\",\\"value\\":4},\\"right\\":{\\"type\\":\\"fork\\",\\"left\\":{\\"type\\":\\"leaf\\",\\"value\\":1},\\"right\\":{\\"type\\":\\"fork\\",\\"left\\":{\\"type\\":\\"leaf\\",\\"value\\":6},\\"right\\":{\\"type\\":\\"leaf\\",\\"value\\":8}}}}) => 1",
  "global min({\\"type\\":\\"fork\\",\\"left\\":{\\"type\\":\\"leaf\\",\\"value\\":4},\\"right\\":{\\"type\\":\\"fork\\",\\"left\\":{\\"type\\":\\"leaf\\",\\"value\\":1},\\"right\\":{\\"type\\":\\"fork\\",\\"left\\":{\\"type\\":\\"leaf\\",\\"value\\":6},\\"right\\":{\\"type\\":\\"leaf\\",\\"value\\":8}}}}) => 1",
  "min({\\"type\\":\\"leaf\\",\\"value\\":4}) => 4",
  "global min({\\"type\\":\\"leaf\\",\\"value\\":4}) => 1",
  "min({\\"type\\":\\"leaf\\",\\"value\\":1}) => 1",
  "min({\\"type\\":\\"leaf\\",\\"value\\":6}) => 6",
  "min({\\"type\\":\\"leaf\\",\\"value\\":8}) => 8",
  "min({\\"type\\":\\"fork\\",\\"left\\":{\\"type\\":\\"leaf\\",\\"value\\":6},\\"right\\":{\\"type\\":\\"leaf\\",\\"value\\":8}}) => 6",
  "min({\\"type\\":\\"fork\\",\\"left\\":{\\"type\\":\\"leaf\\",\\"value\\":1},\\"right\\":{\\"type\\":\\"fork\\",\\"left\\":{\\"type\\":\\"leaf\\",\\"value\\":6},\\"right\\":{\\"type\\":\\"leaf\\",\\"value\\":8}}}) => 1",
  "global min({\\"type\\":\\"fork\\",\\"left\\":{\\"type\\":\\"leaf\\",\\"value\\":1},\\"right\\":{\\"type\\":\\"fork\\",\\"left\\":{\\"type\\":\\"leaf\\",\\"value\\":6},\\"right\\":{\\"type\\":\\"leaf\\",\\"value\\":8}}}) => 1",
  "min({\\"type\\":\\"leaf\\",\\"value\\":1}) => 1",
  "global min({\\"type\\":\\"leaf\\",\\"value\\":1}) => 1",
  "min({\\"type\\":\\"leaf\\",\\"value\\":6}) => 6",
  "min({\\"type\\":\\"leaf\\",\\"value\\":8}) => 8",
  "min({\\"type\\":\\"fork\\",\\"left\\":{\\"type\\":\\"leaf\\",\\"value\\":6},\\"right\\":{\\"type\\":\\"leaf\\",\\"value\\":8}}) => 6",
  "global min({\\"type\\":\\"fork\\",\\"left\\":{\\"type\\":\\"leaf\\",\\"value\\":6},\\"right\\":{\\"type\\":\\"leaf\\",\\"value\\":8}}) => 1",
  "min({\\"type\\":\\"leaf\\",\\"value\\":6}) => 6",
  "global min({\\"type\\":\\"leaf\\",\\"value\\":6}) => 1",
  "min({\\"type\\":\\"leaf\\",\\"value\\":8}) => 8",
  "global min({\\"type\\":\\"leaf\\",\\"value\\":8}) => 1",
  "path({\\"type\\":\\"fork\\",\\"left\\":{\\"type\\":\\"fork\\",\\"left\\":{\\"type\\":\\"leaf\\",\\"value\\":7},\\"right\\":{\\"type\\":\\"fork\\",\\"left\\":{\\"type\\":\\"fork\\",\\"left\\":{\\"type\\":\\"leaf\\",\\"value\\":5},\\"right\\":{\\"type\\":\\"leaf\\",\\"value\\":9}},\\"right\\":{\\"type\\":\\"leaf\\",\\"value\\":3}}},\\"right\\":{\\"type\\":\\"fork\\",\\"left\\":{\\"type\\":\\"leaf\\",\\"value\\":4},\\"right\\":{\\"type\\":\\"fork\\",\\"left\\":{\\"type\\":\\"leaf\\",\\"value\\":1},\\"right\\":{\\"type\\":\\"fork\\",\\"left\\":{\\"type\\":\\"leaf\\",\\"value\\":6},\\"right\\":{\\"type\\":\\"leaf\\",\\"value\\":8}}}}}) => \\"root\\"",
  "path({\\"type\\":\\"fork\\",\\"left\\":{\\"type\\":\\"leaf\\",\\"value\\":7},\\"right\\":{\\"type\\":\\"fork\\",\\"left\\":{\\"type\\":\\"fork\\",\\"left\\":{\\"type\\":\\"leaf\\",\\"value\\":5},\\"right\\":{\\"type\\":\\"leaf\\",\\"value\\":9}},\\"right\\":{\\"type\\":\\"leaf\\",\\"value\\":3}}}) => \\"root/left\\"",
  "path({\\"type\\":\\"leaf\\",\\"value\\":7}) => \\"root/left/left\\"",
  "path({\\"type\\":\\"fork\\",\\"left\\":{\\"type\\":\\"fork\\",\\"left\\":{\\"type\\":\\"leaf\\",\\"value\\":5},\\"right\\":{\\"type\\":\\"leaf\\",\\"value\\":9}},\\"right\\":{\\"type\\":\\"leaf\\",\\"value\\":3}}) => \\"root/left/right\\"",
  "path({\\"type\\":\\"fork\\",\\"left\\":{\\"type\\":\\"leaf\\",\\"value\\":5},\\"right\\":{\\"type\\":\\"leaf\\",\\"value\\":9}}) => \\"root/left/right/left\\"",
  "path({\\"type\\":\\"leaf\\",\\"value\\":5}) => \\"root/left/right/left/left\\"",
  "path({\\"type\\":\\"leaf\\",\\"value\\":9}) => \\"root/left/right/left/right\\"",
  "path({\\"type\\":\\"leaf\\",\\"value\\":3}) => \\"root/left/right/right\\"",
  "path({\\"type\\":\\"fork\\",\\"left\\":{\\"type\\":\\"leaf\\",\\"value\\":4},\\"right\\":{\\"type\\":\\"fork\\",\\"left\\":{\\"type\\":\\"leaf\\",\\"value\\":1},\\"right\\":{\\"type\\":\\"fork\\",\\"left\\":{\\"type\\":\\"leaf\\",\\"value\\":6},\\"right\\":{\\"type\\":\\"leaf\\",\\"value\\":8}}}}) => \\"root/right\\"",
  "path({\\"type\\":\\"leaf\\",\\"value\\":4}) => \\"root/right/left\\"",
  "path({\\"type\\":\\"fork\\",\\"left\\":{\\"type\\":\\"leaf\\",\\"value\\":1},\\"right\\":{\\"type\\":\\"fork\\",\\"left\\":{\\"type\\":\\"leaf\\",\\"value\\":6},\\"right\\":{\\"type\\":\\"leaf\\",\\"value\\":8}}}) => \\"root/right/right\\"",
  "path({\\"type\\":\\"leaf\\",\\"value\\":1}) => \\"root/right/right/left\\"",
  "path({\\"type\\":\\"fork\\",\\"left\\":{\\"type\\":\\"leaf\\",\\"value\\":6},\\"right\\":{\\"type\\":\\"leaf\\",\\"value\\":8}}) => \\"root/right/right/right\\"",
  "path({\\"type\\":\\"leaf\\",\\"value\\":6}) => \\"root/right/right/right/left\\"",
  "path({\\"type\\":\\"leaf\\",\\"value\\":8}) => \\"root/right/right/right/right\\"",
  "Post-Attach",
  "Root Globmin",
  "repmin(root/left/left) => {\\"type\\":\\"leaf\\",\\"value\\":1}",
  "repmin(root/left/right/left/left) => {\\"type\\":\\"leaf\\",\\"value\\":1}",
  "repmin(root/left/right/left/right) => {\\"type\\":\\"leaf\\",\\"value\\":1}",
  "repmin(root/left/right/left) => {\\"type\\":\\"fork\\",\\"left\\":{\\"type\\":\\"leaf\\",\\"value\\":1},\\"right\\":{\\"type\\":\\"leaf\\",\\"value\\":1}}",
  "repmin(root/left/right/right) => {\\"type\\":\\"leaf\\",\\"value\\":1}",
  "repmin(root/left/right) => {\\"type\\":\\"fork\\",\\"left\\":{\\"type\\":\\"fork\\",\\"left\\":{\\"type\\":\\"leaf\\",\\"value\\":1},\\"right\\":{\\"type\\":\\"leaf\\",\\"value\\":1}},\\"right\\":{\\"type\\":\\"leaf\\",\\"value\\":1}}",
  "repmin(root/left) => {\\"type\\":\\"fork\\",\\"left\\":{\\"type\\":\\"leaf\\",\\"value\\":1},\\"right\\":{\\"type\\":\\"fork\\",\\"left\\":{\\"type\\":\\"fork\\",\\"left\\":{\\"type\\":\\"leaf\\",\\"value\\":1},\\"right\\":{\\"type\\":\\"leaf\\",\\"value\\":1}},\\"right\\":{\\"type\\":\\"leaf\\",\\"value\\":1}}}",
  "repmin(root/right/left) => {\\"type\\":\\"leaf\\",\\"value\\":1}",
  "repmin(root/right/right/left) => {\\"type\\":\\"leaf\\",\\"value\\":1}",
  "repmin(root/right/right/right/left) => {\\"type\\":\\"leaf\\",\\"value\\":1}",
  "repmin(root/right/right/right/right) => {\\"type\\":\\"leaf\\",\\"value\\":1}",
  "repmin(root/right/right/right) => {\\"type\\":\\"fork\\",\\"left\\":{\\"type\\":\\"leaf\\",\\"value\\":1},\\"right\\":{\\"type\\":\\"leaf\\",\\"value\\":1}}",
  "repmin(root/right/right) => {\\"type\\":\\"fork\\",\\"left\\":{\\"type\\":\\"leaf\\",\\"value\\":1},\\"right\\":{\\"type\\":\\"fork\\",\\"left\\":{\\"type\\":\\"leaf\\",\\"value\\":1},\\"right\\":{\\"type\\":\\"leaf\\",\\"value\\":1}}}",
  "repmin(root/right) => {\\"type\\":\\"fork\\",\\"left\\":{\\"type\\":\\"leaf\\",\\"value\\":1},\\"right\\":{\\"type\\":\\"fork\\",\\"left\\":{\\"type\\":\\"leaf\\",\\"value\\":1},\\"right\\":{\\"type\\":\\"fork\\",\\"left\\":{\\"type\\":\\"leaf\\",\\"value\\":1},\\"right\\":{\\"type\\":\\"leaf\\",\\"value\\":1}}}}",
  "repmin(root) => {\\"type\\":\\"fork\\",\\"left\\":{\\"type\\":\\"fork\\",\\"left\\":{\\"type\\":\\"leaf\\",\\"value\\":1},\\"right\\":{\\"type\\":\\"fork\\",\\"left\\":{\\"type\\":\\"fork\\",\\"left\\":{\\"type\\":\\"leaf\\",\\"value\\":1},\\"right\\":{\\"type\\":\\"leaf\\",\\"value\\":1}},\\"right\\":{\\"type\\":\\"leaf\\",\\"value\\":1}}},\\"right\\":{\\"type\\":\\"fork\\",\\"left\\":{\\"type\\":\\"leaf\\",\\"value\\":1},\\"right\\":{\\"type\\":\\"fork\\",\\"left\\":{\\"type\\":\\"leaf\\",\\"value\\":1},\\"right\\":{\\"type\\":\\"fork\\",\\"left\\":{\\"type\\":\\"leaf\\",\\"value\\":1},\\"right\\":{\\"type\\":\\"leaf\\",\\"value\\":1}}}}}",
  "Post root repmin",
]
`;
